[36m[2026-01-16 10:45:34] [[32mINFO[0m] [proc.go:285] 🚀 Starting E-Commerce API Server...[0m
[36m[2026-01-16 10:45:34] [[32mINFO[0m] [proc.go:285] ✅ Loaded .env from: ../../.env[0m
[36m[2026-01-16 10:45:34] [[32mINFO[0m] [main.go:68] 🗄️  Initializing database...[0m
[36m[2026-01-16 10:45:34] [[32mINFO[0m] [main.go:68] ✅ Database initialized successfully[0m
[36m[2026-01-16 10:45:34] [[32mINFO[0m] [proc.go:285] 📦 Initializing repositories...[0m
[36m[2026-01-16 10:45:34] [[32mINFO[0m] [proc.go:285] 🔧 Initializing services...[0m
[36m[2026-01-16 10:45:34] [[32mINFO[0m] [proc.go:285] 🎯 Initializing handlers...[0m
[36m[2026-01-16 10:45:34] [[32mINFO[0m] [proc.go:285] 🌐 Setting up Fiber app...[0m
[36m[2026-01-16 10:45:34] [[32mINFO[0m] [panic.go:783] 🔌 Closing database connection...[0m
[36m[2026-01-16 11:11:45] [[32mINFO[0m] [proc.go:285] 🚀 Starting E-Commerce API Server...[0m
[36m[2026-01-16 11:11:45] [[32mINFO[0m] [proc.go:285] ✅ Loaded .env from: ../../.env[0m
[36m[2026-01-16 11:11:45] [[32mINFO[0m] [main.go:68] 🗄️  Initializing database...[0m
[36m[2026-01-16 11:11:46] [[32mINFO[0m] [main.go:68] Database initialized successfully[0m
[36m[2026-01-16 11:11:46] [[32mINFO[0m] [proc.go:285]  Initializing repositories...[0m
[36m[2026-01-16 11:11:46] [[32mINFO[0m] [proc.go:285]  Initializing services...[0m
[36m[2026-01-16 11:11:46] [[32mINFO[0m] [proc.go:285]  Initializing handlers...[0m
[36m[2026-01-16 11:11:46] [[32mINFO[0m] [proc.go:285] Setting up Fiber app...[0m
[36m[2026-01-16 11:11:46] [[32mINFO[0m] [proc.go:285] Registering routes...[0m
[36m[2026-01-16 11:11:46] [[32mINFO[0m] [main.go:118] ✅ Routes registered successfully[0m
[36m[2026-01-16 11:11:46] [[32mINFO[0m] [asm_amd64.s:1693] 🚀 Server starting on 0.0.0.0:8080[0m
[36m[2026-01-16 16:16:41] [[32mINFO[0m] [proc.go:285] 🚀 Starting E-Commerce API Server...[0m
[36m[2026-01-16 16:16:41] [[32mINFO[0m] [proc.go:285] ✅ Loaded .env from: ../../.env[0m
[36m[2026-01-16 16:16:41] [[32mINFO[0m] [main.go:68] 🗄️  Initializing database...[0m
[36m[2026-01-16 16:16:41] [[32mINFO[0m] [main.go:68] Database initialized successfully[0m
[36m[2026-01-16 16:16:41] [[32mINFO[0m] [proc.go:285]  Initializing repositories...[0m
[36m[2026-01-16 16:16:41] [[32mINFO[0m] [proc.go:285]  Initializing services...[0m
[36m[2026-01-16 16:16:41] [[32mINFO[0m] [proc.go:285]  Initializing handlers...[0m
[36m[2026-01-16 16:16:41] [[32mINFO[0m] [proc.go:285] Setting up Fiber app...[0m
[36m[2026-01-16 16:16:41] [[32mINFO[0m] [proc.go:285] Registering routes...[0m
[36m[2026-01-16 16:16:41] [[32mINFO[0m] [main.go:118] ✅ Routes registered successfully[0m
[36m[2026-01-16 16:16:41] [[32mINFO[0m] [asm_amd64.s:1693] 🚀 Server starting on 0.0.0.0:8080[0m
[36m[2026-01-16 16:19:22] [[32mINFO[0m] [proc.go:285] Starting E-Commerce API Server...[0m
[36m[2026-01-16 16:19:22] [[32mINFO[0m] [proc.go:285]  Loaded .env from: ../../.env[0m
[36m[2026-01-16 16:19:22] [[32mINFO[0m] [main.go:68]  Initializing database...[0m
[36m[2026-01-16 16:19:22] [[32mINFO[0m] [main.go:68] Database initialized successfully[0m
[36m[2026-01-16 16:19:22] [[32mINFO[0m] [proc.go:285]  Initializing repositories...[0m
[36m[2026-01-16 16:19:22] [[32mINFO[0m] [proc.go:285]  Initializing services...[0m
[36m[2026-01-16 16:19:22] [[32mINFO[0m] [proc.go:285]  Initializing handlers...[0m
[36m[2026-01-16 16:19:22] [[32mINFO[0m] [proc.go:285] Setting up Fiber app...[0m
[36m[2026-01-16 16:19:22] [[32mINFO[0m] [proc.go:285] Registering routes...[0m
[36m[2026-01-16 16:19:22] [[32mINFO[0m] [main.go:118] Routes registered successfully[0m
[36m[2026-01-16 16:19:22] [[32mINFO[0m] [asm_amd64.s:1693]  Server starting on 0.0.0.0:8080[0m
[36m[2026-01-16 16:19:22] [[35mFATAL[0m] [asm_amd64.s:1693]  Server error: failed to listen: listen tcp4 0.0.0.0:8080: bind: address already in use[0m
[36m[2026-01-16 16:19:55] [[32mINFO[0m] [proc.go:285] Starting E-Commerce API Server...[0m
[36m[2026-01-16 16:19:55] [[32mINFO[0m] [proc.go:285]  Loaded .env from: ../../.env[0m
[36m[2026-01-16 16:19:55] [[32mINFO[0m] [main.go:68]  Initializing database...[0m
[36m[2026-01-16 16:19:55] [[32mINFO[0m] [main.go:68] Database initialized successfully[0m
[36m[2026-01-16 16:19:55] [[32mINFO[0m] [proc.go:285]  Initializing repositories...[0m
[36m[2026-01-16 16:19:55] [[32mINFO[0m] [proc.go:285]  Initializing services...[0m
[36m[2026-01-16 16:19:55] [[32mINFO[0m] [proc.go:285]  Initializing handlers...[0m
[36m[2026-01-16 16:19:55] [[32mINFO[0m] [proc.go:285] Setting up Fiber app...[0m
[36m[2026-01-16 16:19:55] [[32mINFO[0m] [proc.go:285] Registering routes...[0m
[36m[2026-01-16 16:19:55] [[32mINFO[0m] [main.go:118] Routes registered successfully[0m
[36m[2026-01-16 16:19:55] [[32mINFO[0m] [asm_amd64.s:1693]  Server starting on 0.0.0.0:8080[0m
[36m[2026-01-16 16:19:55] [[35mFATAL[0m] [asm_amd64.s:1693]  Server error: failed to listen: listen tcp4 0.0.0.0:8080: bind: address already in use[0m
[36m[2026-01-16 16:26:11] [[32mINFO[0m] [proc.go:285] Starting E-Commerce API Server...[0m
[36m[2026-01-16 16:26:11] [[32mINFO[0m] [proc.go:285]  Loaded .env from: ../../.env[0m
[36m[2026-01-16 16:26:11] [[32mINFO[0m] [main.go:68]  Initializing database...[0m
[36m[2026-01-16 16:26:11] [[32mINFO[0m] [main.go:68] Database initialized successfully[0m
[36m[2026-01-16 16:26:11] [[32mINFO[0m] [proc.go:285]  Initializing repositories...[0m
[36m[2026-01-16 16:26:11] [[32mINFO[0m] [proc.go:285]  Initializing services...[0m
[36m[2026-01-16 16:26:11] [[32mINFO[0m] [proc.go:285]  Initializing handlers...[0m
[36m[2026-01-16 16:26:11] [[32mINFO[0m] [proc.go:285] Setting up Fiber app...[0m
[36m[2026-01-16 16:26:11] [[32mINFO[0m] [proc.go:285] Registering routes...[0m
[36m[2026-01-16 16:26:11] [[32mINFO[0m] [main.go:118] Routes registered successfully[0m
[36m[2026-01-16 16:26:11] [[32mINFO[0m] [asm_amd64.s:1693]  Server starting on 0.0.0.0:8080[0m
